[icc2-lic Thu Jul  9 20:34:05 2026] Command 'report_qor' requires licenses
[icc2-lic Thu Jul  9 20:34:05 2026] Attempting to check-out alternate set of keys directly with queueing
[icc2-lic Thu Jul  9 20:34:05 2026] Sending count request for 'ICCompilerII-8' 
[icc2-lic Thu Jul  9 20:34:05 2026] Count request for 'ICCompilerII-8' returned 1 
[icc2-lic Thu Jul  9 20:34:05 2026] Sending check-out request for 'ICCompilerII-8' (1) with wait option
[icc2-lic Thu Jul  9 20:34:05 2026] Check-out request for 'ICCompilerII-8' with wait option succeeded
[icc2-lic Thu Jul  9 20:34:05 2026] Sending checkout check request for 'ICCompilerII-8' 
[icc2-lic Thu Jul  9 20:34:05 2026] Checkout check request for 'ICCompilerII-8' returned 0 
[icc2-lic Thu Jul  9 20:34:05 2026] Sending count request for 'ICCompilerII-8' 
[icc2-lic Thu Jul  9 20:34:05 2026] Count request for 'ICCompilerII-8' returned 1 
[icc2-lic Thu Jul  9 20:34:05 2026] Sending count request for 'ICCompilerII-NX' 
[icc2-lic Thu Jul  9 20:34:05 2026] Count request for 'ICCompilerII-NX' returned 1 
[icc2-lic Thu Jul  9 20:34:05 2026] Sending check-out request for 'ICCompilerII-NX' (1) with wait option
[icc2-lic Thu Jul  9 20:34:05 2026] Check-out request for 'ICCompilerII-NX' with wait option succeeded
[icc2-lic Thu Jul  9 20:34:05 2026] Sending checkout check request for 'ICCompilerII-NX' 
[icc2-lic Thu Jul  9 20:34:05 2026] Checkout check request for 'ICCompilerII-NX' returned 0 
[icc2-lic Thu Jul  9 20:34:05 2026] Sending count request for 'ICCompilerII-NX' 
[icc2-lic Thu Jul  9 20:34:05 2026] Count request for 'ICCompilerII-NX' returned 1 
[icc2-lic Thu Jul  9 20:34:05 2026] Check-out of alternate set of keys directly with queueing was successful
****************************************
Report : qor
        -summary
Design : systolic_array_32x32
Version: W-2024.09
Date   : Thu Jul  9 20:34:16 2026
****************************************

Timing
---------------------------------------------------------------------------
Context                                 WNS            TNS            NVE
---------------------------------------------------------------------------
func::nom          (Setup)             5.86           0.00              0
Design             (Setup)             5.86           0.00              0

func::nom          (Hold)             -0.09       -2592.43          87582
Design             (Hold)             -0.09       -2592.43          87582
---------------------------------------------------------------------------

Miscellaneous
---------------------------------------------------------------------------
Cell Area (netlist):                        2079950.84
Cell Area (netlist and physical only):      2079950.84
Nets with DRC Violations:       72
1
