[icc2-lic Fri Jul 17 10:02:42 2026] Command 'report_timing' requires licenses
[icc2-lic Fri Jul 17 10:02:42 2026] Attempting to check-out alternate set of keys directly with queueing
[icc2-lic Fri Jul 17 10:02:42 2026] Sending count request for 'ICCompilerII-8' 
[icc2-lic Fri Jul 17 10:02:42 2026] Count request for 'ICCompilerII-8' returned 1 
[icc2-lic Fri Jul 17 10:02:42 2026] Sending check-out request for 'ICCompilerII-8' (1) with wait option
[icc2-lic Fri Jul 17 10:02:42 2026] Check-out request for 'ICCompilerII-8' with wait option succeeded
[icc2-lic Fri Jul 17 10:02:42 2026] Sending checkout check request for 'ICCompilerII-8' 
[icc2-lic Fri Jul 17 10:02:42 2026] Checkout check request for 'ICCompilerII-8' returned 0 
[icc2-lic Fri Jul 17 10:02:42 2026] Sending count request for 'ICCompilerII-8' 
[icc2-lic Fri Jul 17 10:02:42 2026] Count request for 'ICCompilerII-8' returned 1 
[icc2-lic Fri Jul 17 10:02:42 2026] Sending count request for 'ICCompilerII-NX' 
[icc2-lic Fri Jul 17 10:02:42 2026] Count request for 'ICCompilerII-NX' returned 1 
[icc2-lic Fri Jul 17 10:02:42 2026] Sending check-out request for 'ICCompilerII-NX' (1) with wait option
[icc2-lic Fri Jul 17 10:02:42 2026] Check-out request for 'ICCompilerII-NX' with wait option succeeded
[icc2-lic Fri Jul 17 10:02:42 2026] Sending checkout check request for 'ICCompilerII-NX' 
[icc2-lic Fri Jul 17 10:02:42 2026] Checkout check request for 'ICCompilerII-NX' returned 0 
[icc2-lic Fri Jul 17 10:02:42 2026] Sending count request for 'ICCompilerII-NX' 
[icc2-lic Fri Jul 17 10:02:42 2026] Count request for 'ICCompilerII-NX' returned 1 
[icc2-lic Fri Jul 17 10:02:42 2026] Check-out of alternate set of keys directly with queueing was successful
****************************************
Report : timing
        -path_type full
        -delay_type max
        -max_paths 10
        -report_by design
Design : systolic_array_32x32
Version: W-2024.09
Date   : Fri Jul 17 10:02:42 2026
****************************************

  Startpoint: row_sel[0] (input port clocked by CLK)
  Endpoint: result_out_reg[11] (rising edge-triggered flip-flop clocked by CLK)
  Mode: func
  Corner: nom
  Scenario: func::nom
  Path Group: **in2reg_default**
  Path Type: max

  Point                                            Incr      Path  
  ------------------------------------------------------------------------
  clock CLK (rise edge)                            0.00      0.00
  clock network delay (propagated)                 0.43      0.43
  input external delay                             2.00      2.43 f
  row_sel[0] (in)                                  0.00      2.43 f
  U24992/Y (INVX0_RVT)                             0.05      2.48 r
  ctmTdsLR_2_236486/Y (NAND2X0_RVT)                0.02      2.50 f
  ctmTdsLR_1_236485/Y (INVX0_RVT)                  0.03      2.53 r
  ctmTdsLR_1_96193/Y (NAND2X0_RVT)                 0.08      2.61 f
  HFSINV_24812_42633/Y (INVX8_RVT)                 0.04      2.65 r
  HFSINV_24642_42632/Y (INVX8_RVT)                 0.05      2.70 f
  HFSINV_24584_42631/Y (INVX8_RVT)                 0.05      2.75 r
  HFSINV_24154_42630/Y (INVX2_RVT)                 0.02      2.77 f
  copt_gre_mt_inst_550948/Y (NBUFFX4_RVT)          0.04      2.82 f
  copt_gre_mt_inst_550947/Y (NBUFFX4_RVT)          0.05      2.86 f
  copt_gre_mt_inst_550946/Y (DELLN1X2_RVT)         0.15      3.02 f
  copt_gre_mt_inst_550945/Y (DELLN1X2_RVT)         0.16      3.17 f
  HFSINV_21788_42624/Y (INVX4_RVT)                 0.04      3.21 r
  ctmTdsLR_2_197168/Y (AOI222X1_RVT)               0.08      3.30 f
  ctmTdsLR_1_197167/Y (NAND2X0_RVT)                0.05      3.35 r
  U12708/Y (NOR4X1_RVT)                            0.08      3.43 f
  ZBUF_2_inst_392959/Y (NBUFFX2_RVT)               0.04      3.47 f
  ctmTdsLR_2_306353/Y (OA222X1_RVT)                0.07      3.54 f
  ctmTdsLR_1_306352/Y (OA21X2_RVT)                 0.07      3.61 f
  HFSBUF_2_6496/Y (NBUFFX4_RVT)                    0.06      3.66 f
  U12773/Y (NAND4X0_RVT)                           0.04      3.70 r
  ZBUF_2_inst_393197/Y (NBUFFX2_RVT)               0.04      3.74 r
  HFSBUF_2_6450/Y (NBUFFX8_RVT)                    0.04      3.79 r
  U12619/Y (OR2X1_RVT)                             0.06      3.85 r
  ZBUF_2_inst_394043/Y (NBUFFX4_RVT)               0.04      3.89 r
  U12311/Y (AO22X1_RVT)                            0.05      3.95 r
  result_out_reg[11]/D (SDFFARX1_RVT)              0.00      3.95 r
  data arrival time                                          3.95

  clock CLK (rise edge)                            9.50      9.50
  clock network delay (propagated)                 0.31      9.81
  result_out_reg[11]/CLK (SDFFARX1_RVT)            0.00      9.81 r
  clock uncertainty                               -0.15      9.66
  library setup time                              -0.06      9.60
  data required time                                         9.60
  ------------------------------------------------------------------------
  data required time                                         9.60
  data arrival time                                         -3.95
  ------------------------------------------------------------------------
  slack (MET)                                                5.65



  Startpoint: row_sel[0] (input port clocked by CLK)
  Endpoint: result_out_reg[8] (rising edge-triggered flip-flop clocked by CLK)
  Mode: func
  Corner: nom
  Scenario: func::nom
  Path Group: **in2reg_default**
  Path Type: max

  Point                                            Incr      Path  
  ------------------------------------------------------------------------
  clock CLK (rise edge)                            0.00      0.00
  clock network delay (propagated)                 0.43      0.43
  input external delay                             2.00      2.43 f
  row_sel[0] (in)                                  0.00      2.43 f
  U24992/Y (INVX0_RVT)                             0.05      2.48 r
  ctmTdsLR_2_236486/Y (NAND2X0_RVT)                0.02      2.50 f
  ctmTdsLR_1_236485/Y (INVX0_RVT)                  0.03      2.53 r
  ctmTdsLR_1_96193/Y (NAND2X0_RVT)                 0.08      2.61 f
  HFSINV_24812_42633/Y (INVX8_RVT)                 0.04      2.65 r
  HFSINV_24642_42632/Y (INVX8_RVT)                 0.05      2.70 f
  HFSINV_24584_42631/Y (INVX8_RVT)                 0.05      2.75 r
  HFSINV_24154_42630/Y (INVX2_RVT)                 0.02      2.77 f
  copt_gre_mt_inst_550948/Y (NBUFFX4_RVT)          0.04      2.82 f
  copt_gre_mt_inst_550947/Y (NBUFFX4_RVT)          0.05      2.86 f
  copt_gre_mt_inst_550946/Y (DELLN1X2_RVT)         0.15      3.02 f
  copt_gre_mt_inst_550945/Y (DELLN1X2_RVT)         0.16      3.17 f
  HFSINV_21788_42624/Y (INVX4_RVT)                 0.04      3.21 r
  ctmTdsLR_2_197436/Y (AOI222X1_RVT)               0.09      3.30 f
  ctmTdsLR_1_197435/Y (NAND2X0_RVT)                0.04      3.34 r
  U14553/Y (NOR4X1_RVT)                            0.07      3.41 f
  ZBUF_2_inst_392960/Y (NBUFFX2_RVT)               0.04      3.46 f
  ctmTdsLR_2_306358/Y (OA222X1_RVT)                0.07      3.53 f
  ctmTdsLR_1_306357/Y (OA21X2_RVT)                 0.07      3.60 f
  HFSBUF_2_7616/Y (NBUFFX4_RVT)                    0.05      3.65 f
  ctmTdsLR_1_334765/Y (NAND4X0_RVT)                0.05      3.71 r
  ZBUF_2_inst_393206/Y (NBUFFX8_RVT)               0.04      3.75 r
  U14464/Y (OR2X2_RVT)                             0.10      3.85 r
  U14156/Y (AO22X1_RVT)                            0.05      3.91 r
  result_out_reg[8]/D (SDFFARX1_RVT)               0.00      3.91 r
  data arrival time                                          3.91

  clock CLK (rise edge)                            9.50      9.50
  clock network delay (propagated)                 0.29      9.79
  result_out_reg[8]/CLK (SDFFARX1_RVT)             0.00      9.79 r
  clock uncertainty                               -0.15      9.64
  library setup time                              -0.06      9.58
  data required time                                         9.58
  ------------------------------------------------------------------------
  data required time                                         9.58
  data arrival time                                         -3.91
  ------------------------------------------------------------------------
  slack (MET)                                                5.67



  Startpoint: row_sel[0] (input port clocked by CLK)
  Endpoint: result_out_reg[25] (rising edge-triggered flip-flop clocked by CLK)
  Mode: func
  Corner: nom
  Scenario: func::nom
  Path Group: **in2reg_default**
  Path Type: max

  Point                                            Incr      Path  
  ------------------------------------------------------------------------
  clock CLK (rise edge)                            0.00      0.00
  clock network delay (propagated)                 0.43      0.43
  input external delay                             2.00      2.43 f
  row_sel[0] (in)                                  0.00      2.43 f
  U24992/Y (INVX0_RVT)                             0.05      2.48 r
  ctmTdsLR_2_236486/Y (NAND2X0_RVT)                0.02      2.50 f
  ctmTdsLR_1_236485/Y (INVX0_RVT)                  0.03      2.53 r
  ctmTdsLR_1_96193/Y (NAND2X0_RVT)                 0.08      2.61 f
  HFSINV_24812_42633/Y (INVX8_RVT)                 0.04      2.65 r
  HFSINV_24642_42632/Y (INVX8_RVT)                 0.05      2.70 f
  HFSINV_24584_42631/Y (INVX8_RVT)                 0.05      2.75 r
  HFSINV_24154_42630/Y (INVX2_RVT)                 0.02      2.77 f
  copt_gre_mt_inst_550948/Y (NBUFFX4_RVT)          0.04      2.82 f
  copt_gre_mt_inst_550947/Y (NBUFFX4_RVT)          0.05      2.86 f
  copt_gre_mt_inst_550946/Y (DELLN1X2_RVT)         0.15      3.02 f
  copt_gre_mt_inst_550945/Y (DELLN1X2_RVT)         0.16      3.17 f
  HFSINV_21576_42623/Y (INVX4_RVT)                 0.05      3.22 r
  ctmTdsLR_2_195971/Y (AOI222X1_RVT)               0.08      3.29 f
  ctmTdsLR_1_195970/Y (NAND2X0_RVT)                0.03      3.32 r
  U4175/Y (NOR4X1_RVT)                             0.09      3.40 f
  ctmTdsLR_1_98010/Y (OA22X1_RVT)                  0.04      3.45 f
  ZBUF_2_inst_166493/Y (NBUFFX4_RVT)               0.05      3.50 f
  U4202/Y (OA221X1_RVT)                            0.07      3.57 f
  HFSBUF_2_11938/Y (NBUFFX4_RVT)                   0.05      3.62 f
  U4163/Y (NAND4X0_RVT)                            0.06      3.68 r
  HFSBUF_2_11914/Y (NBUFFX8_RVT)                   0.04      3.72 r
  U4009/Y (OR2X2_RVT)                              0.07      3.80 r
  U3701/Y (AO22X1_RVT)                             0.05      3.85 r
  result_out_reg[25]/D (SDFFARX1_RVT)              0.00      3.85 r
  data arrival time                                          3.85

  clock CLK (rise edge)                            9.50      9.50
  clock network delay (propagated)                 0.25      9.75
  result_out_reg[25]/CLK (SDFFARX1_RVT)            0.00      9.75 r
  clock uncertainty                               -0.15      9.60
  library setup time                              -0.06      9.53
  data required time                                         9.53
  ------------------------------------------------------------------------
  data required time                                         9.53
  data arrival time                                         -3.85
  ------------------------------------------------------------------------
  slack (MET)                                                5.69



  Startpoint: row_sel[0] (input port clocked by CLK)
  Endpoint: result_out_reg[2] (rising edge-triggered flip-flop clocked by CLK)
  Mode: func
  Corner: nom
  Scenario: func::nom
  Path Group: **in2reg_default**
  Path Type: max

  Point                                            Incr      Path  
  ------------------------------------------------------------------------
  clock CLK (rise edge)                            0.00      0.00
  clock network delay (propagated)                 0.43      0.43
  input external delay                             2.00      2.43 f
  row_sel[0] (in)                                  0.00      2.43 f
  U24992/Y (INVX0_RVT)                             0.05      2.48 r
  ctmTdsLR_2_236486/Y (NAND2X0_RVT)                0.02      2.50 f
  ctmTdsLR_1_236485/Y (INVX0_RVT)                  0.03      2.53 r
  ctmTdsLR_1_96193/Y (NAND2X0_RVT)                 0.08      2.61 f
  HFSINV_24812_42633/Y (INVX8_RVT)                 0.04      2.65 r
  HFSINV_24642_42632/Y (INVX8_RVT)                 0.05      2.70 f
  HFSINV_24584_42631/Y (INVX8_RVT)                 0.05      2.75 r
  HFSINV_24154_42630/Y (INVX2_RVT)                 0.02      2.77 f
  copt_gre_mt_inst_550948/Y (NBUFFX4_RVT)          0.04      2.82 f
  copt_gre_mt_inst_550947/Y (NBUFFX4_RVT)          0.05      2.86 f
  copt_gre_mt_inst_550946/Y (DELLN1X2_RVT)         0.15      3.02 f
  copt_gre_mt_inst_550945/Y (DELLN1X2_RVT)         0.16      3.17 f
  HFSINV_21675_42625/Y (INVX4_RVT)                 0.04      3.21 r
  ctmTdsLR_2_197949/Y (AOI222X1_RVT)               0.09      3.30 f
  ctmTdsLR_1_197948/Y (NAND2X0_RVT)                0.03      3.33 r
  U18167/Y (NOR4X1_RVT)                            0.09      3.42 f
  ctmTdsLR_2_306335/Y (OA222X1_RVT)                0.06      3.48 f
  ctmTdsLR_1_306334/Y (OA21X2_RVT)                 0.07      3.55 f
  HFSBUF_2_9932/Y (NBUFFX4_RVT)                    0.06      3.60 f
  ctmTdsLR_3_349297/Y (NAND4X0_RVT)                0.04      3.64 r
  ctmTdsLR_2_349296/Y (INVX0_RVT)                  0.01      3.65 f
  ctmTdsLR_1_349295/Y (NAND2X0_RVT)                0.03      3.68 r
  ZBUF_2_inst_166183/Y (NBUFFX2_RVT)               0.04      3.73 r
  HFSBUF_2_9883/Y (NBUFFX8_RVT)                    0.04      3.77 r
  ctmTdsLR_2_53568/Y (AO222X1_RVT)                 0.10      3.87 r
  result_out_reg[2]/D (SDFFARX1_RVT)               0.00      3.87 r
  data arrival time                                          3.87

  clock CLK (rise edge)                            9.50      9.50
  clock network delay (propagated)                 0.29      9.79
  result_out_reg[2]/CLK (SDFFARX1_RVT)             0.00      9.79 r
  clock uncertainty                               -0.15      9.64
  library setup time                              -0.07      9.57
  data required time                                         9.57
  ------------------------------------------------------------------------
  data required time                                         9.57
  data arrival time                                         -3.87
  ------------------------------------------------------------------------
  slack (MET)                                                5.70



  Startpoint: row_sel[0] (input port clocked by CLK)
  Endpoint: result_out_reg[1] (rising edge-triggered flip-flop clocked by CLK)
  Mode: func
  Corner: nom
  Scenario: func::nom
  Path Group: **in2reg_default**
  Path Type: max

  Point                                            Incr      Path  
  ------------------------------------------------------------------------
  clock CLK (rise edge)                            0.00      0.00
  clock network delay (propagated)                 0.43      0.43
  input external delay                             2.00      2.43 f
  row_sel[0] (in)                                  0.00      2.43 f
  U24992/Y (INVX0_RVT)                             0.05      2.48 r
  ctmTdsLR_2_236486/Y (NAND2X0_RVT)                0.02      2.50 f
  ctmTdsLR_1_236485/Y (INVX0_RVT)                  0.03      2.53 r
  ctmTdsLR_1_96193/Y (NAND2X0_RVT)                 0.08      2.61 f
  HFSINV_24812_42633/Y (INVX8_RVT)                 0.04      2.65 r
  HFSINV_24642_42632/Y (INVX8_RVT)                 0.05      2.70 f
  HFSINV_24584_42631/Y (INVX8_RVT)                 0.05      2.75 r
  HFSINV_24154_42630/Y (INVX2_RVT)                 0.02      2.77 f
  copt_gre_mt_inst_550948/Y (NBUFFX4_RVT)          0.04      2.82 f
  copt_gre_mt_inst_550947/Y (NBUFFX4_RVT)          0.05      2.86 f
  copt_gre_mt_inst_550946/Y (DELLN1X2_RVT)         0.15      3.02 f
  copt_gre_mt_inst_550945/Y (DELLN1X2_RVT)         0.16      3.17 f
  HFSINV_21675_42625/Y (INVX4_RVT)                 0.04      3.21 r
  ctmTdsLR_2_198044/Y (AOI222X1_RVT)               0.08      3.29 f
  ctmTdsLR_1_198043/Y (NAND2X0_RVT)                0.03      3.33 r
  U18782/Y (NOR4X1_RVT)                            0.07      3.40 f
  HFSBUF_2_10180/Y (NBUFFX2_RVT)                   0.05      3.45 f
  U19039/Y (OA22X1_RVT)                            0.07      3.52 f
  HFSBUF_2_10344/Y (NBUFFX4_RVT)                   0.06      3.58 f
  ctmTdsLR_2_293138/Y (NAND4X0_RVT)                0.05      3.63 r
  ctmTdsLR_1_293137/Y (INVX0_RVT)                  0.01      3.64 f
  ctmTdsLR_1_193060/Y (NAND2X0_RVT)                0.08      3.72 r
  HFSBUF_2_10268/Y (NBUFFX8_RVT)                   0.05      3.77 r
  ctmTdsLR_1_53569/Y (AO222X1_RVT)                 0.10      3.87 r
  result_out_reg[1]/D (SDFFARX1_RVT)               0.00      3.87 r
  data arrival time                                          3.87

  clock CLK (rise edge)                            9.50      9.50
  clock network delay (propagated)                 0.29      9.79
  result_out_reg[1]/CLK (SDFFARX1_RVT)             0.00      9.79 r
  clock uncertainty                               -0.15      9.64
  library setup time                              -0.07      9.57
  data required time                                         9.57
  ------------------------------------------------------------------------
  data required time                                         9.57
  data arrival time                                         -3.87
  ------------------------------------------------------------------------
  slack (MET)                                                5.70



  Startpoint: row_sel[0] (input port clocked by CLK)
  Endpoint: result_out_reg[23] (rising edge-triggered flip-flop clocked by CLK)
  Mode: func
  Corner: nom
  Scenario: func::nom
  Path Group: **in2reg_default**
  Path Type: max

  Point                                            Incr      Path  
  ------------------------------------------------------------------------
  clock CLK (rise edge)                            0.00      0.00
  clock network delay (propagated)                 0.43      0.43
  input external delay                             2.00      2.43 f
  row_sel[0] (in)                                  0.00      2.43 f
  U24992/Y (INVX0_RVT)                             0.05      2.48 r
  ctmTdsLR_2_236486/Y (NAND2X0_RVT)                0.02      2.50 f
  ctmTdsLR_1_236485/Y (INVX0_RVT)                  0.03      2.53 r
  ctmTdsLR_1_96193/Y (NAND2X0_RVT)                 0.08      2.61 f
  HFSINV_24812_42633/Y (INVX8_RVT)                 0.04      2.65 r
  HFSINV_24642_42632/Y (INVX8_RVT)                 0.05      2.70 f
  HFSINV_24584_42631/Y (INVX8_RVT)                 0.05      2.75 r
  HFSINV_24154_42630/Y (INVX2_RVT)                 0.02      2.77 f
  copt_gre_mt_inst_550948/Y (NBUFFX4_RVT)          0.04      2.82 f
  copt_gre_mt_inst_550947/Y (NBUFFX4_RVT)          0.05      2.86 f
  copt_gre_mt_inst_550946/Y (DELLN1X2_RVT)         0.15      3.02 f
  copt_gre_mt_inst_550945/Y (DELLN1X2_RVT)         0.16      3.17 f
  HFSINV_21576_42623/Y (INVX4_RVT)                 0.05      3.22 r
  ctmTdsLR_2_196153/Y (AOI222X1_RVT)               0.09      3.31 f
  ctmTdsLR_1_196152/Y (NAND2X0_RVT)                0.03      3.33 r
  U5405/Y (NOR4X0_RVT)                             0.10      3.43 f
  ctmTdsLR_3_87974/Y (OA22X2_RVT)                  0.08      3.51 f
  ctmTdsLR_1_257845/Y (NAND2X0_RVT)                0.08      3.59 r
  HFSINV_4_12625/Y (INVX2_RVT)                     0.05      3.64 f
  U5393/Y (NAND4X0_RVT)                            0.08      3.71 r
  HFSBUF_2_12579/Y (NBUFFX8_RVT)                   0.05      3.76 r
  ctmTdsLR_2_203434/Y (OA21X1_RVT)                 0.08      3.84 r
  ctmTdsLR_1_203433/Y (AO21X1_RVT)                 0.03      3.87 r
  result_out_reg[23]/D (SDFFARX1_RVT)              0.00      3.87 r
  data arrival time                                          3.87

  clock CLK (rise edge)                            9.50      9.50
  clock network delay (propagated)                 0.29      9.79
  result_out_reg[23]/CLK (SDFFARX1_RVT)            0.00      9.79 r
  clock uncertainty                               -0.15      9.64
  library setup time                              -0.06      9.58
  data required time                                         9.58
  ------------------------------------------------------------------------
  data required time                                         9.58
  data arrival time                                         -3.87
  ------------------------------------------------------------------------
  slack (MET)                                                5.71



  Startpoint: row_sel[0] (input port clocked by CLK)
  Endpoint: result_out_reg[6] (rising edge-triggered flip-flop clocked by CLK)
  Mode: func
  Corner: nom
  Scenario: func::nom
  Path Group: **in2reg_default**
  Path Type: max

  Point                                            Incr      Path  
  ------------------------------------------------------------------------
  clock CLK (rise edge)                            0.00      0.00
  clock network delay (propagated)                 0.43      0.43
  input external delay                             2.00      2.43 f
  row_sel[0] (in)                                  0.00      2.43 f
  U24992/Y (INVX0_RVT)                             0.05      2.48 r
  ctmTdsLR_2_236486/Y (NAND2X0_RVT)                0.02      2.50 f
  ctmTdsLR_1_236485/Y (INVX0_RVT)                  0.03      2.53 r
  ctmTdsLR_1_96193/Y (NAND2X0_RVT)                 0.08      2.61 f
  HFSINV_24812_42633/Y (INVX8_RVT)                 0.04      2.65 r
  HFSINV_24642_42632/Y (INVX8_RVT)                 0.05      2.70 f
  HFSINV_24584_42631/Y (INVX8_RVT)                 0.05      2.75 r
  HFSINV_24154_42630/Y (INVX2_RVT)                 0.02      2.77 f
  copt_gre_mt_inst_550948/Y (NBUFFX4_RVT)          0.04      2.82 f
  copt_gre_mt_inst_550947/Y (NBUFFX4_RVT)          0.05      2.86 f
  copt_gre_mt_inst_550946/Y (DELLN1X2_RVT)         0.15      3.02 f
  copt_gre_mt_inst_550945/Y (DELLN1X2_RVT)         0.16      3.17 f
  HFSINV_21788_42624/Y (INVX4_RVT)                 0.04      3.21 r
  ctmTdsLR_2_197600/Y (AOI222X1_RVT)               0.09      3.30 f
  ctmTdsLR_1_197599/Y (NAND2X0_RVT)                0.04      3.34 r
  U15783/Y (NOR4X1_RVT)                            0.08      3.41 f
  U15850/Y (OA22X1_RVT)                            0.06      3.47 f
  HFSBUF_2_8340/Y (NBUFFX4_RVT)                    0.06      3.53 f
  ctmTdsLR_1_115680/Y (OA221X1_RVT)                0.06      3.59 f
  ZBUF_2_inst_168029/Y (NBUFFX4_RVT)               0.05      3.64 f
  ctmTdsLR_1_349361/Y (NAND2X0_RVT)                0.08      3.72 r
  HFSBUF_2_8335/Y (NBUFFX8_RVT)                    0.05      3.76 r
  ctmTdsLR_1_158318/Y (AO222X1_RVT)                0.10      3.87 r
  result_out_reg[6]/D (SDFFARX1_RVT)               0.00      3.87 r
  data arrival time                                          3.87

  clock CLK (rise edge)                            9.50      9.50
  clock network delay (propagated)                 0.29      9.79
  result_out_reg[6]/CLK (SDFFARX1_RVT)             0.00      9.79 r
  clock uncertainty                               -0.15      9.64
  library setup time                              -0.07      9.58
  data required time                                         9.58
  ------------------------------------------------------------------------
  data required time                                         9.58
  data arrival time                                         -3.87
  ------------------------------------------------------------------------
  slack (MET)                                                5.71



  Startpoint: row_sel[0] (input port clocked by CLK)
  Endpoint: result_out_reg[3] (rising edge-triggered flip-flop clocked by CLK)
  Mode: func
  Corner: nom
  Scenario: func::nom
  Path Group: **in2reg_default**
  Path Type: max

  Point                                            Incr      Path  
  ------------------------------------------------------------------------
  clock CLK (rise edge)                            0.00      0.00
  clock network delay (propagated)                 0.43      0.43
  input external delay                             2.00      2.43 f
  row_sel[0] (in)                                  0.00      2.43 f
  U24992/Y (INVX0_RVT)                             0.05      2.48 r
  ctmTdsLR_2_236486/Y (NAND2X0_RVT)                0.02      2.50 f
  ctmTdsLR_1_236485/Y (INVX0_RVT)                  0.03      2.53 r
  ctmTdsLR_1_96193/Y (NAND2X0_RVT)                 0.08      2.61 f
  HFSINV_24812_42633/Y (INVX8_RVT)                 0.04      2.65 r
  HFSINV_24642_42632/Y (INVX8_RVT)                 0.05      2.70 f
  HFSINV_24584_42631/Y (INVX8_RVT)                 0.05      2.75 r
  HFSINV_24154_42630/Y (INVX2_RVT)                 0.02      2.77 f
  copt_gre_mt_inst_550948/Y (NBUFFX4_RVT)          0.04      2.82 f
  copt_gre_mt_inst_550947/Y (NBUFFX4_RVT)          0.05      2.86 f
  copt_gre_mt_inst_550946/Y (DELLN1X2_RVT)         0.15      3.02 f
  copt_gre_mt_inst_550945/Y (DELLN1X2_RVT)         0.16      3.17 f
  HFSINV_21788_42624/Y (INVX4_RVT)                 0.04      3.21 r
  ctmTdsLR_2_197868/Y (AOI222X1_RVT)               0.10      3.32 f
  ctmTdsLR_1_197867/Y (NAND2X0_RVT)                0.03      3.35 r
  U17628/Y (NOR4X1_RVT)                            0.08      3.43 f
  U17771/Y (OA22X2_RVT)                            0.07      3.50 f
  U17770/Y (OA221X1_RVT)                           0.06      3.56 f
  HFSBUF_2_9544/Y (NBUFFX8_RVT)                    0.05      3.60 f
  U17693/Y (NAND4X0_RVT)                           0.11      3.71 r
  HFSBUF_2_9494/Y (NBUFFX4_RVT)                    0.06      3.77 r
  ctmTdsLR_1_158320/Y (AO222X1_RVT)                0.09      3.86 r
  result_out_reg[3]/D (SDFFARX1_RVT)               0.00      3.86 r
  data arrival time                                          3.86

  clock CLK (rise edge)                            9.50      9.50
  clock network delay (propagated)                 0.29      9.79
  result_out_reg[3]/CLK (SDFFARX1_RVT)             0.00      9.79 r
  clock uncertainty                               -0.15      9.64
  library setup time                              -0.07      9.57
  data required time                                         9.57
  ------------------------------------------------------------------------
  data required time                                         9.57
  data arrival time                                         -3.86
  ------------------------------------------------------------------------
  slack (MET)                                                5.71



  Startpoint: row_sel[0] (input port clocked by CLK)
  Endpoint: result_out_reg[14] (rising edge-triggered flip-flop clocked by CLK)
  Mode: func
  Corner: nom
  Scenario: func::nom
  Path Group: **in2reg_default**
  Path Type: max

  Point                                            Incr      Path  
  ------------------------------------------------------------------------
  clock CLK (rise edge)                            0.00      0.00
  clock network delay (propagated)                 0.43      0.43
  input external delay                             2.00      2.43 f
  row_sel[0] (in)                                  0.00      2.43 f
  U24992/Y (INVX0_RVT)                             0.05      2.48 r
  ctmTdsLR_2_236486/Y (NAND2X0_RVT)                0.02      2.50 f
  ctmTdsLR_1_236485/Y (INVX0_RVT)                  0.03      2.53 r
  ctmTdsLR_1_96193/Y (NAND2X0_RVT)                 0.08      2.61 f
  HFSINV_24812_42633/Y (INVX8_RVT)                 0.04      2.65 r
  HFSINV_24642_42632/Y (INVX8_RVT)                 0.05      2.70 f
  HFSINV_24584_42631/Y (INVX8_RVT)                 0.05      2.75 r
  HFSINV_24154_42630/Y (INVX2_RVT)                 0.02      2.77 f
  copt_gre_mt_inst_550948/Y (NBUFFX4_RVT)          0.04      2.82 f
  copt_gre_mt_inst_550947/Y (NBUFFX4_RVT)          0.05      2.86 f
  copt_gre_mt_inst_550946/Y (DELLN1X2_RVT)         0.15      3.02 f
  copt_gre_mt_inst_550945/Y (DELLN1X2_RVT)         0.16      3.17 f
  HFSINV_21788_42624/Y (INVX4_RVT)                 0.04      3.21 r
  ctmTdsLR_2_196907/Y (AOI222X1_RVT)               0.08      3.30 f
  ctmTdsLR_1_196906/Y (NAND2X0_RVT)                0.05      3.35 r
  U10863/Y (NOR4X1_RVT)                            0.08      3.43 f
  ZBUF_2_inst_393144/Y (NBUFFX2_RVT)               0.05      3.47 f
  U10929/Y (OA221X1_RVT)                           0.06      3.53 f
  ZBUF_2_inst_395554/Y (NBUFFX8_RVT)               0.04      3.57 f
  U10928/Y (NAND4X1_RVT)                           0.08      3.65 r
  ZBUF_2_inst_394037/Y (NBUFFX2_RVT)               0.04      3.69 r
  HFSBUF_2_5303/Y (NBUFFX8_RVT)                    0.04      3.73 r
  U10774/Y (OR2X1_RVT)                             0.06      3.79 r
  ZBUF_2_inst_393212/Y (NBUFFX4_RVT)               0.04      3.83 r
  U10466/Y (AO22X1_RVT)                            0.05      3.89 r
  result_out_reg[14]/D (SDFFARX1_RVT)              0.00      3.89 r
  data arrival time                                          3.89

  clock CLK (rise edge)                            9.50      9.50
  clock network delay (propagated)                 0.31      9.81
  result_out_reg[14]/CLK (SDFFARX1_RVT)            0.00      9.81 r
  clock uncertainty                               -0.15      9.66
  library setup time                              -0.06      9.60
  data required time                                         9.60
  ------------------------------------------------------------------------
  data required time                                         9.60
  data arrival time                                         -3.89
  ------------------------------------------------------------------------
  slack (MET)                                                5.71



  Startpoint: row_sel[0] (input port clocked by CLK)
  Endpoint: result_out_reg[24] (rising edge-triggered flip-flop clocked by CLK)
  Mode: func
  Corner: nom
  Scenario: func::nom
  Path Group: **in2reg_default**
  Path Type: max

  Point                                            Incr      Path  
  ------------------------------------------------------------------------
  clock CLK (rise edge)                            0.00      0.00
  clock network delay (propagated)                 0.43      0.43
  input external delay                             2.00      2.43 f
  row_sel[0] (in)                                  0.00      2.43 f
  U24992/Y (INVX0_RVT)                             0.05      2.48 r
  ctmTdsLR_2_236486/Y (NAND2X0_RVT)                0.02      2.50 f
  ctmTdsLR_1_236485/Y (INVX0_RVT)                  0.03      2.53 r
  ctmTdsLR_1_96193/Y (NAND2X0_RVT)                 0.08      2.61 f
  HFSINV_24812_42633/Y (INVX8_RVT)                 0.04      2.65 r
  HFSINV_24642_42632/Y (INVX8_RVT)                 0.05      2.70 f
  HFSINV_24584_42631/Y (INVX8_RVT)                 0.05      2.75 r
  HFSINV_24154_42630/Y (INVX2_RVT)                 0.02      2.77 f
  copt_gre_mt_inst_550948/Y (NBUFFX4_RVT)          0.04      2.82 f
  copt_gre_mt_inst_550947/Y (NBUFFX4_RVT)          0.05      2.86 f
  copt_gre_mt_inst_550946/Y (DELLN1X2_RVT)         0.15      3.02 f
  copt_gre_mt_inst_550945/Y (DELLN1X2_RVT)         0.16      3.17 f
  HFSINV_21576_42623/Y (INVX4_RVT)                 0.05      3.22 r
  ctmTdsLR_2_196055/Y (AOI222X1_RVT)               0.08      3.29 f
  ctmTdsLR_1_196054/Y (NAND2X0_RVT)                0.03      3.33 r
  U4790/Y (NOR4X1_RVT)                             0.07      3.40 f
  ctmTdsLR_2_306329/Y (OA222X1_RVT)                0.04      3.44 f
  ctmTdsLR_1_306328/Y (OA21X1_RVT)                 0.06      3.50 f
  HFSBUF_2_12251/Y (NBUFFX4_RVT)                   0.06      3.56 f
  ctmTdsLR_1_306321/Y (NAND2X0_RVT)                0.11      3.67 r
  HFSBUF_2_12250/Y (NBUFFX8_RVT)                   0.05      3.72 r
  ctmTdsLR_1_183718/Y (OR2X2_RVT)                  0.07      3.79 r
  U4316/Y (AO22X1_RVT)                             0.07      3.86 r
  result_out_reg[24]/D (SDFFARX1_RVT)              0.00      3.86 r
  data arrival time                                          3.86

  clock CLK (rise edge)                            9.50      9.50
  clock network delay (propagated)                 0.29      9.79
  result_out_reg[24]/CLK (SDFFARX1_RVT)            0.00      9.79 r
  clock uncertainty                               -0.15      9.64
  library setup time                              -0.07      9.57
  data required time                                         9.57
  ------------------------------------------------------------------------
  data required time                                         9.57
  data arrival time                                         -3.86
  ------------------------------------------------------------------------
  slack (MET)                                                5.71


1
