[icc2-lic Fri Jul 17 10:02:42 2026] Command 'report_timing' requires licenses
[icc2-lic Fri Jul 17 10:02:42 2026] Attempting to check-out alternate set of keys directly with queueing
[icc2-lic Fri Jul 17 10:02:42 2026] Sending count request for 'ICCompilerII-8' 
[icc2-lic Fri Jul 17 10:02:42 2026] Count request for 'ICCompilerII-8' returned 1 
[icc2-lic Fri Jul 17 10:02:42 2026] Sending check-out request for 'ICCompilerII-8' (1) with wait option
[icc2-lic Fri Jul 17 10:02:42 2026] Check-out request for 'ICCompilerII-8' with wait option succeeded
[icc2-lic Fri Jul 17 10:02:42 2026] Sending checkout check request for 'ICCompilerII-8' 
[icc2-lic Fri Jul 17 10:02:42 2026] Checkout check request for 'ICCompilerII-8' returned 0 
[icc2-lic Fri Jul 17 10:02:42 2026] Sending count request for 'ICCompilerII-8' 
[icc2-lic Fri Jul 17 10:02:42 2026] Count request for 'ICCompilerII-8' returned 1 
[icc2-lic Fri Jul 17 10:02:42 2026] Sending count request for 'ICCompilerII-NX' 
[icc2-lic Fri Jul 17 10:02:42 2026] Count request for 'ICCompilerII-NX' returned 1 
[icc2-lic Fri Jul 17 10:02:42 2026] Sending check-out request for 'ICCompilerII-NX' (1) with wait option
[icc2-lic Fri Jul 17 10:02:42 2026] Check-out request for 'ICCompilerII-NX' with wait option succeeded
[icc2-lic Fri Jul 17 10:02:42 2026] Sending checkout check request for 'ICCompilerII-NX' 
[icc2-lic Fri Jul 17 10:02:42 2026] Checkout check request for 'ICCompilerII-NX' returned 0 
[icc2-lic Fri Jul 17 10:02:42 2026] Sending count request for 'ICCompilerII-NX' 
[icc2-lic Fri Jul 17 10:02:42 2026] Count request for 'ICCompilerII-NX' returned 1 
[icc2-lic Fri Jul 17 10:02:42 2026] Check-out of alternate set of keys directly with queueing was successful
****************************************
Report : timing
        -path_type full
        -delay_type min
        -max_paths 10
        -report_by design
Design : systolic_array_32x32
Version: W-2024.09
Date   : Fri Jul 17 10:02:42 2026
****************************************

  Startpoint: ROW[24].COL[24].u_pe/a_out_reg[5] (rising edge-triggered flip-flop clocked by CLK)
  Endpoint: ROW[24].COL[24].u_pe/a_out_reg[6] (rising edge-triggered flip-flop clocked by CLK)
  Mode: func
  Corner: nom
  Scenario: func::nom
  Path Group: CLK
  Path Type: min

  Point                                            Incr      Path  
  ------------------------------------------------------------------------
  clock CLK (rise edge)                            0.00      0.00
  clock network delay (propagated)                 0.33      0.33

  ROW[24].COL[24].u_pe/a_out_reg[5]/CLK (SDFFARX1_RVT)
                                                   0.00      0.33 r
  ROW[24].COL[24].u_pe/a_out_reg[5]/QN (SDFFARX1_RVT)
                                                   0.06      0.39 f
  ROW[24].COL[24].u_pe/a_out_reg[6]/SI (SDFFARX1_RVT)
                                                   0.00      0.39 f
  data arrival time                                          0.39

  clock CLK (rise edge)                            0.00      0.00
  clock network delay (propagated)                 0.40      0.40
  ROW[24].COL[24].u_pe/a_out_reg[6]/CLK (SDFFARX1_RVT)
                                                   0.00      0.40 r
  clock uncertainty                                0.15      0.55
  library hold time                               -0.03      0.52
  data required time                                         0.52
  ------------------------------------------------------------------------
  data required time                                         0.52
  data arrival time                                         -0.39
  ------------------------------------------------------------------------
  slack (VIOLATED)                                          -0.13



  Startpoint: ROW[26].COL[26].u_pe/acc_out_reg[27] (rising edge-triggered flip-flop clocked by CLK)
  Endpoint: ROW[26].COL[26].u_pe/acc_out_reg[28] (rising edge-triggered flip-flop clocked by CLK)
  Mode: func
  Corner: nom
  Scenario: func::nom
  Path Group: CLK
  Path Type: min

  Point                                            Incr      Path  
  ------------------------------------------------------------------------
  clock CLK (rise edge)                            0.00      0.00
  clock network delay (propagated)                 0.29      0.29

  ROW[26].COL[26].u_pe/acc_out_reg[27]/CLK (SDFFARX1_RVT)
                                                   0.00      0.29 r
  ROW[26].COL[26].u_pe/acc_out_reg[27]/QN (SDFFARX1_RVT)
                                                   0.06      0.35 f
  ROW[26].COL[26].u_pe/acc_out_reg[28]/SI (SDFFARX1_RVT)
                                                   0.00      0.35 f
  data arrival time                                          0.35

  clock CLK (rise edge)                            0.00      0.00
  clock network delay (propagated)                 0.35      0.35
  ROW[26].COL[26].u_pe/acc_out_reg[28]/CLK (SDFFARX1_RVT)
                                                   0.00      0.35 r
  clock uncertainty                                0.15      0.50
  library hold time                               -0.03      0.47
  data required time                                         0.47
  ------------------------------------------------------------------------
  data required time                                         0.47
  data arrival time                                         -0.35
  ------------------------------------------------------------------------
  slack (VIOLATED)                                          -0.13



  Startpoint: ROW[21].COL[11].u_pe/a_out_reg[5] (rising edge-triggered flip-flop clocked by CLK)
  Endpoint: ROW[21].COL[11].u_pe/a_out_reg[6] (rising edge-triggered flip-flop clocked by CLK)
  Mode: func
  Corner: nom
  Scenario: func::nom
  Path Group: CLK
  Path Type: min

  Point                                            Incr      Path  
  ------------------------------------------------------------------------
  clock CLK (rise edge)                            0.00      0.00
  clock network delay (propagated)                 0.30      0.30

  ROW[21].COL[11].u_pe/a_out_reg[5]/CLK (SDFFARX1_RVT)
                                                   0.00      0.30 r
  ROW[21].COL[11].u_pe/a_out_reg[5]/QN (SDFFARX1_RVT)
                                                   0.06      0.36 f
  ROW[21].COL[11].u_pe/a_out_reg[6]/SI (SDFFARX1_RVT)
                                                   0.00      0.36 f
  data arrival time                                          0.36

  clock CLK (rise edge)                            0.00      0.00
  clock network delay (propagated)                 0.37      0.37
  ROW[21].COL[11].u_pe/a_out_reg[6]/CLK (SDFFARX1_RVT)
                                                   0.00      0.37 r
  clock uncertainty                                0.15      0.52
  library hold time                               -0.03      0.49
  data required time                                         0.49
  ------------------------------------------------------------------------
  data required time                                         0.49
  data arrival time                                         -0.36
  ------------------------------------------------------------------------
  slack (VIOLATED)                                          -0.13



  Startpoint: ROW[24].COL[13].u_pe/acc_out_reg[29] (rising edge-triggered flip-flop clocked by CLK)
  Endpoint: ROW[24].COL[13].u_pe/acc_out_reg[30] (rising edge-triggered flip-flop clocked by CLK)
  Mode: func
  Corner: nom
  Scenario: func::nom
  Path Group: CLK
  Path Type: min

  Point                                            Incr      Path  
  ------------------------------------------------------------------------
  clock CLK (rise edge)                            0.00      0.00
  clock network delay (propagated)                 0.33      0.33

  ROW[24].COL[13].u_pe/acc_out_reg[29]/CLK (SDFFARX1_RVT)
                                                   0.00      0.33 r
  ROW[24].COL[13].u_pe/acc_out_reg[29]/QN (SDFFARX1_RVT)
                                                   0.06      0.40 f
  ROW[24].COL[13].u_pe/acc_out_reg[30]/SI (SDFFARX1_RVT)
                                                   0.00      0.40 f
  data arrival time                                          0.40

  clock CLK (rise edge)                            0.00      0.00
  clock network delay (propagated)                 0.40      0.40
  ROW[24].COL[13].u_pe/acc_out_reg[30]/CLK (SDFFARX1_RVT)
                                                   0.00      0.40 r
  clock uncertainty                                0.15      0.55
  library hold time                               -0.03      0.52
  data required time                                         0.52
  ------------------------------------------------------------------------
  data required time                                         0.52
  data arrival time                                         -0.40
  ------------------------------------------------------------------------
  slack (VIOLATED)                                          -0.13



  Startpoint: ROW[13].COL[28].u_pe/acc_out_reg[25] (rising edge-triggered flip-flop clocked by CLK)
  Endpoint: ROW[13].COL[28].u_pe/acc_out_reg[26] (rising edge-triggered flip-flop clocked by CLK)
  Mode: func
  Corner: nom
  Scenario: func::nom
  Path Group: CLK
  Path Type: min

  Point                                            Incr      Path  
  ------------------------------------------------------------------------
  clock CLK (rise edge)                            0.00      0.00
  clock network delay (propagated)                 0.30      0.30

  ROW[13].COL[28].u_pe/acc_out_reg[25]/CLK (SDFFARX1_RVT)
                                                   0.00      0.30 r
  ROW[13].COL[28].u_pe/acc_out_reg[25]/QN (SDFFARX1_RVT)
                                                   0.06      0.36 f
  ROW[13].COL[28].u_pe/acc_out_reg[26]/SI (SDFFARX1_RVT)
                                                   0.00      0.36 f
  data arrival time                                          0.36

  clock CLK (rise edge)                            0.00      0.00
  clock network delay (propagated)                 0.37      0.37
  ROW[13].COL[28].u_pe/acc_out_reg[26]/CLK (SDFFARX1_RVT)
                                                   0.00      0.37 r
  clock uncertainty                                0.15      0.52
  library hold time                               -0.03      0.49
  data required time                                         0.49
  ------------------------------------------------------------------------
  data required time                                         0.49
  data arrival time                                         -0.36
  ------------------------------------------------------------------------
  slack (VIOLATED)                                          -0.12



  Startpoint: b_bus_reg[26][22][4] (rising edge-triggered flip-flop clocked by CLK)
  Endpoint: b_bus_reg[26][22][5] (rising edge-triggered flip-flop clocked by CLK)
  Mode: func
  Corner: nom
  Scenario: func::nom
  Path Group: CLK
  Path Type: min

  Point                                            Incr      Path  
  ------------------------------------------------------------------------
  clock CLK (rise edge)                            0.00      0.00
  clock network delay (propagated)                 0.31      0.31

  b_bus_reg[26][22][4]/CLK (SDFFARX1_RVT)          0.00      0.31 r
  b_bus_reg[26][22][4]/QN (SDFFARX1_RVT)           0.06      0.37 f
  b_bus_reg[26][22][5]/SI (SDFFARX1_RVT)           0.00      0.37 f
  data arrival time                                          0.37

  clock CLK (rise edge)                            0.00      0.00
  clock network delay (propagated)                 0.38      0.38
  b_bus_reg[26][22][5]/CLK (SDFFARX1_RVT)          0.00      0.38 r
  clock uncertainty                                0.15      0.53
  library hold time                               -0.03      0.50
  data required time                                         0.50
  ------------------------------------------------------------------------
  data required time                                         0.50
  data arrival time                                         -0.37
  ------------------------------------------------------------------------
  slack (VIOLATED)                                          -0.12



  Startpoint: ROW[27].COL[22].u_pe/acc_out_reg[29] (rising edge-triggered flip-flop clocked by CLK)
  Endpoint: ROW[27].COL[22].u_pe/acc_out_reg[30] (rising edge-triggered flip-flop clocked by CLK)
  Mode: func
  Corner: nom
  Scenario: func::nom
  Path Group: CLK
  Path Type: min

  Point                                            Incr      Path  
  ------------------------------------------------------------------------
  clock CLK (rise edge)                            0.00      0.00
  clock network delay (propagated)                 0.31      0.31

  ROW[27].COL[22].u_pe/acc_out_reg[29]/CLK (SDFFARX1_RVT)
                                                   0.00      0.31 r
  ROW[27].COL[22].u_pe/acc_out_reg[29]/QN (SDFFARX1_RVT)
                                                   0.06      0.37 f
  ROW[27].COL[22].u_pe/acc_out_reg[30]/SI (SDFFARX1_RVT)
                                                   0.00      0.37 f
  data arrival time                                          0.37

  clock CLK (rise edge)                            0.00      0.00
  clock network delay (propagated)                 0.38      0.38
  ROW[27].COL[22].u_pe/acc_out_reg[30]/CLK (SDFFARX1_RVT)
                                                   0.00      0.38 r
  clock uncertainty                                0.15      0.53
  library hold time                               -0.03      0.50
  data required time                                         0.50
  ------------------------------------------------------------------------
  data required time                                         0.50
  data arrival time                                         -0.37
  ------------------------------------------------------------------------
  slack (VIOLATED)                                          -0.12



  Startpoint: b_bus_reg[23][9][5] (rising edge-triggered flip-flop clocked by CLK)
  Endpoint: b_bus_reg[23][9][6] (rising edge-triggered flip-flop clocked by CLK)
  Mode: func
  Corner: nom
  Scenario: func::nom
  Path Group: CLK
  Path Type: min

  Point                                            Incr      Path  
  ------------------------------------------------------------------------
  clock CLK (rise edge)                            0.00      0.00
  clock network delay (propagated)                 0.28      0.28

  b_bus_reg[23][9][5]/CLK (SDFFARX1_RVT)           0.00      0.28 r
  b_bus_reg[23][9][5]/QN (SDFFARX1_RVT)            0.06      0.34 f
  b_bus_reg[23][9][6]/SI (SDFFARX1_RVT)            0.00      0.34 f
  data arrival time                                          0.34

  clock CLK (rise edge)                            0.00      0.00
  clock network delay (propagated)                 0.35      0.35
  b_bus_reg[23][9][6]/CLK (SDFFARX1_RVT)           0.00      0.35 r
  clock uncertainty                                0.15      0.50
  library hold time                               -0.03      0.47
  data required time                                         0.47
  ------------------------------------------------------------------------
  data required time                                         0.47
  data arrival time                                         -0.34
  ------------------------------------------------------------------------
  slack (VIOLATED)                                          -0.12



  Startpoint: b_bus_reg[23][18][4] (rising edge-triggered flip-flop clocked by CLK)
  Endpoint: b_bus_reg[23][18][5] (rising edge-triggered flip-flop clocked by CLK)
  Mode: func
  Corner: nom
  Scenario: func::nom
  Path Group: CLK
  Path Type: min

  Point                                            Incr      Path  
  ------------------------------------------------------------------------
  clock CLK (rise edge)                            0.00      0.00
  clock network delay (propagated)                 0.32      0.32

  b_bus_reg[23][18][4]/CLK (SDFFARX1_RVT)          0.00      0.32 r
  b_bus_reg[23][18][4]/QN (SDFFARX1_RVT)           0.06      0.38 f
  b_bus_reg[23][18][5]/SI (SDFFARX1_RVT)           0.00      0.38 f
  data arrival time                                          0.38

  clock CLK (rise edge)                            0.00      0.00
  clock network delay (propagated)                 0.38      0.38
  b_bus_reg[23][18][5]/CLK (SDFFARX1_RVT)          0.00      0.38 r
  clock uncertainty                                0.15      0.53
  library hold time                               -0.03      0.50
  data required time                                         0.50
  ------------------------------------------------------------------------
  data required time                                         0.50
  data arrival time                                         -0.38
  ------------------------------------------------------------------------
  slack (VIOLATED)                                          -0.12



  Startpoint: ROW[13].COL[13].u_pe/acc_out_reg[29] (rising edge-triggered flip-flop clocked by CLK)
  Endpoint: ROW[13].COL[13].u_pe/acc_out_reg[30] (rising edge-triggered flip-flop clocked by CLK)
  Mode: func
  Corner: nom
  Scenario: func::nom
  Path Group: CLK
  Path Type: min

  Point                                            Incr      Path  
  ------------------------------------------------------------------------
  clock CLK (rise edge)                            0.00      0.00
  clock network delay (propagated)                 0.31      0.31

  ROW[13].COL[13].u_pe/acc_out_reg[29]/CLK (SDFFARX1_RVT)
                                                   0.00      0.31 r
  ROW[13].COL[13].u_pe/acc_out_reg[29]/QN (SDFFARX1_RVT)
                                                   0.06      0.37 f
  ROW[13].COL[13].u_pe/acc_out_reg[30]/SI (SDFFARX1_RVT)
                                                   0.00      0.37 f
  data arrival time                                          0.37

  clock CLK (rise edge)                            0.00      0.00
  clock network delay (propagated)                 0.37      0.37
  ROW[13].COL[13].u_pe/acc_out_reg[30]/CLK (SDFFARX1_RVT)
                                                   0.00      0.37 r
  clock uncertainty                                0.15      0.52
  library hold time                               -0.03      0.49
  data required time                                         0.49
  ------------------------------------------------------------------------
  data required time                                         0.49
  data arrival time                                         -0.37
  ------------------------------------------------------------------------
  slack (VIOLATED)                                          -0.12


1
